// Jest Snapshot v1, https://goo.gl/fbAQLP

exports[`Test Not Found File should render component correctly 1`] = `ShallowWrapper {}`;
